#-----------------------------------------------------------
# Vivado v2025.2 (64-bit)
# SW Build 6299465 on Fri Nov 14 12:34:56 MST 2025
# IP Build 6300035 on Fri Nov 14 10:48:45 MST 2025
# SharedData Build 6298862 on Thu Nov 13 04:50:51 MST 2025
# Start of session at: Sun Jan 18 17:15:05 2026
# Process ID         : 18758
# Current directory  : /home/azther0z/Desktop/cp51/2110363-hw_syn_lab/vivado_test/project_1.runs/impl_1
# Command line       : vivado -log blinky.vdi -applog -product Vivado -messageDb vivado.pb -mode batch -source blinky.tcl -notrace
# Log file           : /home/azther0z/Desktop/cp51/2110363-hw_syn_lab/vivado_test/project_1.runs/impl_1/blinky.vdi
# Journal file       : /home/azther0z/Desktop/cp51/2110363-hw_syn_lab/vivado_test/project_1.runs/impl_1/vivado.jou
# Running On         : Saint-ThinkPad-X280
# Platform           : Linuxmint
# Operating System   : Linux Mint 22.1
# Processor Detail   : Intel(R) Core(TM) i5-8250U CPU @ 1.60GHz
# CPU Frequency      : 900.275 MHz
# CPU Physical cores : 4
# CPU Logical cores  : 8
# Host memory        : 8215 MB
# Swap memory        : 2147 MB
# Total Virtual      : 10363 MB
# Available Virtual  : 6878 MB
#-----------------------------------------------------------
source blinky.tcl -notrace
